Copyright 1986-2015 Xilinx, Inc. All Rights Reserved.
-------------------------------------------------------------------------------------------------
| Tool Version      : Vivado v.2015.4 (lin64) Build 1412921 Wed Nov 18 09:44:32 MST 2015
| Date              : Tue Mar  7 16:33:15 2017
| Host              : AE5UPH16 running 64-bit Ubuntu 16.04.2 LTS
| Command           : report_clock_utilization -file red_pitaya_top_clock_utilization_routed.rpt
| Design            : red_pitaya_top
| Device            : 7z010-clg400
| Speed File        : -1  PRODUCTION 1.11 2014-09-11
| Temperature Grade : C
-------------------------------------------------------------------------------------------------

Clock Utilization Report

Table of Contents
-----------------
1. Clock Primitive Utilization
2. Details of Global Clocks
3. Details of Regional Clocks
4. Details of Multi-Regional Clocks
5. Details of I/O Clocks
6. Details of Local Clocks
7. Clock Regions : Key Resource Utilization
8. Net wise resources used in clock region X0Y0
9. Net wise resources used in clock region X1Y0
10. Net wise resources used in clock region X0Y1
11. Net wise resources used in clock region X1Y1

1. Clock Primitive Utilization
------------------------------

+-------+------+-----------+-----------+
| Type  | Used | Available | Num Fixed |
+-------+------+-----------+-----------+
| BUFG  |    8 |        32 |         0 |
| BUFH  |    0 |        48 |         0 |
| BUFIO |    1 |         8 |         1 |
| MMCM  |    0 |         2 |         0 |
| PLL   |    1 |         2 |         0 |
| BUFR  |    1 |         8 |         0 |
| BUFMR |    0 |         4 |         0 |
+-------+------+-----------+-----------+


2. Details of Global Clocks
---------------------------

+-------+------------------------------------------------------------------------------------+------------------------------------------------------------+--------------+-------+
|       |                                                                                    |                                                            |   Num Loads  |       |
+-------+------------------------------------------------------------------------------------+------------------------------------------------------------+------+-------+-------+
| Index | BUFG Cell                                                                          | Net Name                                                   | BELs | Sites | Fixed |
+-------+------------------------------------------------------------------------------------+------------------------------------------------------------+------+-------+-------+
|     1 | i_analog/i_dac2ph_buf                                                              | i_analog/dac_2ph                                           |    1 |     1 |    no |
|     2 | i_analog/i_dacfb_buf                                                               | i_analog/dac_clk_fb_buf                                    |    1 |     1 |    no |
|     3 | i_analog/i_ser_buf                                                                 | i_analog/ser_clk_o                                         |    2 |     2 |    no |
|     4 | i_analog/i_dac1_buf                                                                | i_analog/dac_clk                                           |   45 |    26 |    no |
|     5 | i_daisy/i_rx/i_parclk_buf                                                          | i_daisy/i_rx/par_clk_o                                     |   98 |    24 |    no |
|     6 | i_analog/i_dac2_buf                                                                | i_analog/dac_2clk                                          |  157 |    51 |    no |
|     7 | i_ps/system_i/system_i/processing_system7_0/inst/buffer_fclk_clk_0.FCLK_CLK_0_BUFG | i_ps/system_i/system_i/processing_system7_0/inst/FCLK_CLK0 |  551 |   171 |    no |
|     8 | i_analog/i_adc_buf                                                                 | i_analog/adc_clk_o                                         | 6437 |  1687 |    no |
+-------+------------------------------------------------------------------------------------+------------------------------------------------------------+------+-------+-------+


+-------+----------------------+-----------------------+--------------+-------+
|       |                      |                       |   Num Loads  |       |
+-------+----------------------+-----------------------+------+-------+-------+
| Index | PLL Cell             | Net Name              | BELs | Sites | Fixed |
+-------+----------------------+-----------------------+------+-------+-------+
|     1 | i_analog/i_dac_plle2 | i_analog/dac_2clk_out |    1 |     1 |    no |
|     2 | i_analog/i_dac_plle2 | i_analog/dac_2ph_out  |    1 |     1 |    no |
|     3 | i_analog/i_dac_plle2 | i_analog/dac_clk_fb   |    1 |     1 |    no |
|     4 | i_analog/i_dac_plle2 | i_analog/dac_clk_out  |    1 |     1 |    no |
|     5 | i_analog/i_dac_plle2 | i_analog/ser_clk_out  |    1 |     1 |    no |
+-------+----------------------+-----------------------+------+-------+-------+


3. Details of Regional Clocks
-----------------------------

+-------+-------------------------+----------------------+--------------+-------+
|       |                         |                      |   Num Loads  |       |
+-------+-------------------------+----------------------+------+-------+-------+
| Index | BUFR Cell               | Net Name             | BELs | Sites | Fixed |
+-------+-------------------------+----------------------+------+-------+-------+
|     1 | i_daisy/i_rx/i_BUFR_clk | i_daisy/i_rx/par_clk |   80 |    17 |    no |
+-------+-------------------------+----------------------+------+-------+-------+


4. Details of Multi-Regional Clocks
-----------------------------------

5. Details of I/O Clocks
------------------------

+-------+--------------------------+----------------------+--------------+-------+
|       |                          |                      |   Num Loads  |       |
+-------+--------------------------+----------------------+------+-------+-------+
| Index | BUFIO Cell               | Net Name             | BELs | Sites | Fixed |
+-------+--------------------------+----------------------+------+-------+-------+
|     1 | i_daisy/i_rx/i_BUFIO_clk | i_daisy/i_rx/ser_clk |    1 |     2 |   yes |
+-------+--------------------------+----------------------+------+-------+-------+


6. Details of Local Clocks
--------------------------

+-------+------------------------+----------------------------+--------------+-------+
|       |                        |                            |   Num Loads  |       |
+-------+------------------------+----------------------------+------+-------+-------+
| Index | Local Clk Src          | Net Name                   | BELs | Sites | Fixed |
+-------+------------------------+----------------------------+------+-------+-------+
|     1 | i_hk/dna_clk_reg       | i_hk/dna_clk               |    1 |     1 |    no |
|     2 | i_daisy/i_IBUFGDS_clk  | i_daisy/rxs_clk            |    2 |     2 |   yes |
|     3 | i_daisy/txp_dv_reg_i_2 | i_daisy/txp_dv_reg_i_2_n_0 |   17 |     6 |    no |
+-------+------------------------+----------------------------+------+-------+-------+


7. Clock Regions : Key Resource Utilization
-------------------------------------------

+-------------------+--------------+--------------+--------------+--------------+--------------+--------------+--------------+--------------+--------------+--------------+--------------+--------------+--------------+--------------+--------------+
|                   | Global Clock |     BUFRs    |    BUFMRs    |    BUFIOs    |     MMCM     |      PLL     |      GT      |      PCI     |    ILOGIC    |    OLOGIC    |      FF      |     LUTM     |    RAMB18    |    RAMB36    |    DSP48E1   |
+-------------------+------+-------+------+-------+------+-------+------+-------+------+-------+------+-------+------+-------+------+-------+------+-------+------+-------+------+-------+------+-------+------+-------+------+-------+------+-------+
| Clock Region Name | Used | Avail | Used | Avail | Used | Avail | Used | Avail | Used | Avail | Used | Avail | Used | Avail | Used | Avail | Used | Avail | Used | Avail | Used | Avail | Used | Avail | Used | Avail | Used | Avail | Used | Avail |
+-------------------+------+-------+------+-------+------+-------+------+-------+------+-------+------+-------+------+-------+------+-------+------+-------+------+-------+------+-------+------+-------+------+-------+------+-------+------+-------+
| X0Y0              |    4 |    12 |    0 |     0 |    0 |     0 |    0 |     0 |    0 |     0 |    0 |     0 |    0 |     0 |    0 |     0 |    0 |     0 |    0 |     0 | 1790 |  8800 |   14 |  1600 |    1 |    20 |    6 |    10 |    4 |    20 |
| X1Y0              |    7 |    12 |    1 |     4 |    0 |     2 |    1 |     4 |    0 |     1 |    1 |     1 |    0 |     0 |    0 |     0 |    1 |    50 |    6 |    50 | 2121 |  8800 |    2 |  1400 |    1 |    40 |   12 |    20 |    6 |    20 |
| X0Y1              |    2 |    12 |    0 |     0 |    0 |     0 |    0 |     0 |    0 |     0 |    0 |     0 |    0 |     0 |    0 |     0 |    0 |     0 |    0 |     0 | 1495 |  8800 |    1 |  1600 |    3 |    20 |    8 |    10 |    4 |    20 |
| X1Y1              |    4 |    12 |    0 |     4 |    0 |     2 |    0 |     4 |    0 |     1 |    0 |     1 |    0 |     0 |    0 |     0 |    0 |    50 |   18 |    50 | 1861 |  8800 |    0 |  1400 |    5 |    40 |   14 |    20 |   10 |    20 |
+-------------------+------+-------+------+-------+------+-------+------+-------+------+-------+------+-------+------+-------+------+-------+------+-------+------+-------+------+-------+------+-------+------+-------+------+-------+------+-------+
* RAMB36 site can be used as two RAMB18/FIFO18 sites.


8. Net wise resources used in clock region X0Y0
-----------------------------------------------

+-------------+--------------+-------+-----------+----------+---------+-----------+---------+---------+------+-------+----------+------------------------------------------------------------+
| Source Type | BUFHCE Site  | Fixed | MMCM Pins | PLL Pins | GT Pins | BRAM Pins | ILOGICs | OLOGICs |  FFs | LUTMs | DSP48E1s |                       Clock Net Name                       |
+-------------+--------------+-------+-----------+----------+---------+-----------+---------+---------+------+-------+----------+------------------------------------------------------------+
| BUFG        | BUFHCE_X0Y11 |   no  |         0 |        0 |       0 |         0 |       0 |       0 |   14 |     0 |        0 | i_analog/dac_2clk                                          |
| BUFG        | BUFHCE_X0Y8  |   no  |         0 |        0 |       0 |         0 |       0 |       0 |   91 |     0 |        0 | i_daisy/i_rx/par_clk_o                                     |
| BUFG        | BUFHCE_X0Y9  |   no  |         0 |        0 |       0 |         0 |       0 |       0 |  505 |     0 |        0 | i_ps/system_i/system_i/processing_system7_0/inst/FCLK_CLK0 |
| BUFG        | BUFHCE_X0Y10 |   no  |         0 |        0 |       0 |        13 |       0 |       0 | 1180 |    14 |        4 | i_analog/adc_clk_o                                         |
+-------------+--------------+-------+-----------+----------+---------+-----------+---------+---------+------+-------+----------+------------------------------------------------------------+


9. Net wise resources used in clock region X1Y0
-----------------------------------------------

+-------------+--------------+-------+-----------+----------+---------+-----------+---------+---------+------+-------+----------+------------------------------------------------------------+
| Source Type | BUFHCE Site  | Fixed | MMCM Pins | PLL Pins | GT Pins | BRAM Pins | ILOGICs | OLOGICs |  FFs | LUTMs | DSP48E1s |                       Clock Net Name                       |
+-------------+--------------+-------+-----------+----------+---------+-----------+---------+---------+------+-------+----------+------------------------------------------------------------+
| BUFG        | BUFHCE_X1Y0  |   no  |         0 |        1 |       0 |         0 |       0 |       0 |    0 |     0 |        0 | i_analog/dac_clk_fb_buf                                    |
| BUFG        | BUFHCE_X1Y11 |   no  |         0 |        0 |       0 |         0 |       0 |       2 |    0 |     0 |        0 | i_analog/ser_clk_o                                         |
| BUFIO       |      ---     |  yes  |         0 |        0 |       0 |         0 |       2 |       0 |    0 |     0 |        0 | i_daisy/i_rx/ser_clk                                       |
| BUFG        | BUFHCE_X1Y2  |   no  |         0 |        0 |       0 |         0 |       0 |       0 |    1 |     0 |        0 | i_analog/dac_clk                                           |
| BUFG        | BUFHCE_X1Y8  |   no  |         0 |        0 |       0 |         0 |       0 |       0 |    7 |     0 |        0 | i_daisy/i_rx/par_clk_o                                     |
| BUFG        | BUFHCE_X1Y9  |   no  |         0 |        0 |       0 |         0 |       0 |       0 |   45 |     0 |        0 | i_ps/system_i/system_i/processing_system7_0/inst/FCLK_CLK0 |
| BUFR        |      ---     |   no  |         0 |        0 |       0 |         0 |       1 |       0 |   78 |     0 |        0 | i_daisy/i_rx/par_clk                                       |
| BUFG        | BUFHCE_X1Y10 |   no  |         0 |        0 |       0 |         0 |       0 |       4 |  138 |     0 |        0 | i_analog/dac_2clk                                          |
| BUFG        | BUFHCE_X1Y1  |   no  |         0 |        1 |       0 |        25 |       0 |       1 | 1835 |     2 |        6 | i_analog/adc_clk_o                                         |
+-------------+--------------+-------+-----------+----------+---------+-----------+---------+---------+------+-------+----------+------------------------------------------------------------+


10. Net wise resources used in clock region X0Y1
------------------------------------------------

+-------------+--------------+-------+-----------+----------+---------+-----------+---------+---------+------+-------+----------+------------------------------------------------------------+
| Source Type | BUFHCE Site  | Fixed | MMCM Pins | PLL Pins | GT Pins | BRAM Pins | ILOGICs | OLOGICs |  FFs | LUTMs | DSP48E1s |                       Clock Net Name                       |
+-------------+--------------+-------+-----------+----------+---------+-----------+---------+---------+------+-------+----------+------------------------------------------------------------+
| BUFG        |      ---     |   no  |         0 |        0 |       0 |         0 |       0 |       0 |    0 |     0 |        0 | i_ps/system_i/system_i/processing_system7_0/inst/FCLK_CLK0 |
| BUFG        | BUFHCE_X0Y20 |   no  |         0 |        0 |       0 |        19 |       0 |       0 | 1495 |     1 |        4 | i_analog/adc_clk_o                                         |
+-------------+--------------+-------+-----------+----------+---------+-----------+---------+---------+------+-------+----------+------------------------------------------------------------+


11. Net wise resources used in clock region X1Y1
------------------------------------------------

+-------------+--------------+-------+-----------+----------+---------+-----------+---------+---------+------+-------+----------+--------------------+
| Source Type | BUFHCE Site  | Fixed | MMCM Pins | PLL Pins | GT Pins | BRAM Pins | ILOGICs | OLOGICs |  FFs | LUTMs | DSP48E1s |   Clock Net Name   |
+-------------+--------------+-------+-----------+----------+---------+-----------+---------+---------+------+-------+----------+--------------------+
| BUFG        | BUFHCE_X1Y22 |   no  |         0 |        0 |       0 |         0 |       0 |       1 |    0 |     0 |        0 | i_analog/dac_2clk  |
| BUFG        | BUFHCE_X1Y23 |   no  |         0 |        0 |       0 |         0 |       0 |       1 |    0 |     0 |        0 | i_analog/dac_2ph   |
| BUFG        | BUFHCE_X1Y21 |   no  |         0 |        0 |       0 |         0 |       0 |      16 |   28 |     0 |        0 | i_analog/dac_clk   |
| BUFG        | BUFHCE_X1Y20 |   no  |         0 |        0 |       0 |        33 |       0 |       0 | 1833 |     0 |       10 | i_analog/adc_clk_o |
+-------------+--------------+-------+-----------+----------+---------+-----------+---------+---------+------+-------+----------+--------------------+



# Location of BUFG Primitives 
set_property LOC BUFGCTRL_X0Y0 [get_cells i_analog/i_adc_buf]
set_property LOC BUFGCTRL_X0Y2 [get_cells i_analog/i_dac2_buf]
set_property LOC BUFGCTRL_X0Y5 [get_cells i_analog/i_dac2ph_buf]
set_property LOC BUFGCTRL_X0Y3 [get_cells i_analog/i_dac1_buf]
set_property LOC BUFGCTRL_X0Y7 [get_cells i_analog/i_dacfb_buf]
set_property LOC BUFGCTRL_X0Y4 [get_cells i_analog/i_ser_buf]
set_property LOC BUFGCTRL_X0Y6 [get_cells i_daisy/i_rx/i_parclk_buf]
set_property LOC BUFGCTRL_X0Y1 [get_cells i_ps/system_i/system_i/processing_system7_0/inst/buffer_fclk_clk_0.FCLK_CLK_0_BUFG]

# Location of IO Clock Primitives
set_property LOC BUFIO_X0Y1 [get_cells i_daisy/i_rx/i_BUFIO_clk]

# Location of MMCM Clock Primitives

# Location of BUFH Clock Primitives

# Location of BUFR Clock Primitives
set_property LOC BUFR_X0Y1 [get_cells i_daisy/i_rx/i_BUFR_clk]

# Location of BUFMR Clock Primitives

# Location of PLL Clock Primitives
set_property LOC PLLE2_ADV_X0Y0 [get_cells i_analog/i_dac_plle2]

# Location of IO Primitives which is load of clock spine

# Location of clock ports
set_property LOC IOB_X0Y25 [get_ports adc_clk_n_i]
set_property LOC IOB_X0Y26 [get_ports adc_clk_p_i]
set_property LOC IOB_X0Y23 [get_ports daisy_n_i[1]]
set_property LOC IOB_X0Y24 [get_ports daisy_p_i[1]]

# Clock net "i_analog/adc_clk_o" driven by instance "i_analog/i_adc_buf" located at site "BUFGCTRL_X0Y0"
#startgroup
create_pblock {CLKAG_i_analog/adc_clk_o}
add_cells_to_pblock [get_pblocks  {CLKAG_i_analog/adc_clk_o}] [get_cells -filter { PRIMITIVE_GROUP != I/O && IS_PRIMITIVE==1 && PRIMITIVE_LEVEL !=INTERNAL && NAME!=i_analog/i_dac_plle2} -of_object [get_pins -filter {DIRECTION==IN} -of_objects [get_nets -hierarchical -filter {PARENT=="i_analog/adc_clk_o"}]]]
resize_pblock [get_pblocks {CLKAG_i_analog/adc_clk_o}] -add {CLOCKREGION_X0Y0:CLOCKREGION_X0Y0 CLOCKREGION_X0Y1:CLOCKREGION_X0Y1 CLOCKREGION_X1Y0:CLOCKREGION_X1Y0 CLOCKREGION_X1Y1:CLOCKREGION_X1Y1}
#endgroup

# Clock net "i_analog/dac_2clk" driven by instance "i_analog/i_dac2_buf" located at site "BUFGCTRL_X0Y2"
#startgroup
create_pblock {CLKAG_i_analog/dac_2clk}
add_cells_to_pblock [get_pblocks  {CLKAG_i_analog/dac_2clk}] [get_cells -filter { PRIMITIVE_GROUP != I/O && IS_PRIMITIVE==1 && PRIMITIVE_LEVEL !=INTERNAL } -of_object [get_pins -filter {DIRECTION==IN} -of_objects [get_nets -hierarchical -filter {PARENT=="i_analog/dac_2clk"}]]]
resize_pblock [get_pblocks {CLKAG_i_analog/dac_2clk}] -add {CLOCKREGION_X0Y0:CLOCKREGION_X0Y0 CLOCKREGION_X1Y0:CLOCKREGION_X1Y0 CLOCKREGION_X1Y1:CLOCKREGION_X1Y1}
#endgroup

# Clock net "i_analog/dac_2ph" driven by instance "i_analog/i_dac2ph_buf" located at site "BUFGCTRL_X0Y5"
#startgroup
create_pblock {CLKAG_i_analog/dac_2ph}
add_cells_to_pblock [get_pblocks  {CLKAG_i_analog/dac_2ph}] [get_cells -filter { PRIMITIVE_GROUP != I/O && IS_PRIMITIVE==1 && PRIMITIVE_LEVEL !=INTERNAL } -of_object [get_pins -filter {DIRECTION==IN} -of_objects [get_nets -hierarchical -filter {PARENT=="i_analog/dac_2ph"}]]]
resize_pblock [get_pblocks {CLKAG_i_analog/dac_2ph}] -add {CLOCKREGION_X1Y1:CLOCKREGION_X1Y1}
#endgroup

# Clock net "i_analog/dac_clk" driven by instance "i_analog/i_dac1_buf" located at site "BUFGCTRL_X0Y3"
#startgroup
create_pblock {CLKAG_i_analog/dac_clk}
add_cells_to_pblock [get_pblocks  {CLKAG_i_analog/dac_clk}] [get_cells -filter { PRIMITIVE_GROUP != I/O && IS_PRIMITIVE==1 && PRIMITIVE_LEVEL !=INTERNAL } -of_object [get_pins -filter {DIRECTION==IN} -of_objects [get_nets -hierarchical -filter {PARENT=="i_analog/dac_clk"}]]]
resize_pblock [get_pblocks {CLKAG_i_analog/dac_clk}] -add {CLOCKREGION_X1Y0:CLOCKREGION_X1Y0 CLOCKREGION_X1Y1:CLOCKREGION_X1Y1}
#endgroup

# Clock net "i_analog/ser_clk_o" driven by instance "i_analog/i_ser_buf" located at site "BUFGCTRL_X0Y4"
#startgroup
create_pblock {CLKAG_i_analog/ser_clk_o}
add_cells_to_pblock [get_pblocks  {CLKAG_i_analog/ser_clk_o}] [get_cells -filter { PRIMITIVE_GROUP != I/O && IS_PRIMITIVE==1 && PRIMITIVE_LEVEL !=INTERNAL } -of_object [get_pins -filter {DIRECTION==IN} -of_objects [get_nets -hierarchical -filter {PARENT=="i_analog/ser_clk_o"}]]]
resize_pblock [get_pblocks {CLKAG_i_analog/ser_clk_o}] -add {CLOCKREGION_X1Y0:CLOCKREGION_X1Y0}
#endgroup

# Clock net "i_daisy/i_rx/par_clk" driven by instance "i_daisy/i_rx/i_BUFR_clk" located at site "BUFR_X0Y1"
#startgroup
create_pblock {CLKAG_i_daisy/i_rx/par_clk}
add_cells_to_pblock [get_pblocks  {CLKAG_i_daisy/i_rx/par_clk}] [get_cells -filter { PRIMITIVE_GROUP != I/O && IS_PRIMITIVE==1 && PRIMITIVE_LEVEL !=INTERNAL && NAME!=i_daisy/i_rx/i_parclk_buf} -of_object [get_pins -filter {DIRECTION==IN} -of_objects [get_nets -hierarchical -filter {PARENT=="i_daisy/i_rx/par_clk"}]]]
resize_pblock [get_pblocks {CLKAG_i_daisy/i_rx/par_clk}] -add {CLOCKREGION_X1Y0:CLOCKREGION_X1Y0}
#endgroup

# Clock net "i_daisy/i_rx/par_clk_o" driven by instance "i_daisy/i_rx/i_parclk_buf" located at site "BUFGCTRL_X0Y6"
#startgroup
create_pblock {CLKAG_i_daisy/i_rx/par_clk_o}
add_cells_to_pblock [get_pblocks  {CLKAG_i_daisy/i_rx/par_clk_o}] [get_cells -filter { PRIMITIVE_GROUP != I/O && IS_PRIMITIVE==1 && PRIMITIVE_LEVEL !=INTERNAL } -of_object [get_pins -filter {DIRECTION==IN} -of_objects [get_nets -hierarchical -filter {PARENT=="i_daisy/i_rx/par_clk_o"}]]]
resize_pblock [get_pblocks {CLKAG_i_daisy/i_rx/par_clk_o}] -add {CLOCKREGION_X0Y0:CLOCKREGION_X0Y0 CLOCKREGION_X1Y0:CLOCKREGION_X1Y0}
#endgroup

# Clock net "i_daisy/txp_dv_reg_i_2_n_0" driven by instance "i_daisy/txp_dv_reg_i_2" located at site "SLICE_X22Y35"
#startgroup
create_pblock {CLKAG_i_daisy/txp_dv_reg_i_2_n_0}
add_cells_to_pblock [get_pblocks  {CLKAG_i_daisy/txp_dv_reg_i_2_n_0}] [get_cells -filter { PRIMITIVE_GROUP != I/O && IS_PRIMITIVE==1 && PRIMITIVE_LEVEL !=INTERNAL } -of_object [get_pins -filter {DIRECTION==IN} -of_objects [get_nets -hierarchical -filter {PARENT=="i_daisy/txp_dv_reg_i_2_n_0"}]]]
resize_pblock [get_pblocks {CLKAG_i_daisy/txp_dv_reg_i_2_n_0}] -add {CLOCKREGION_X1Y0:CLOCKREGION_X1Y0}
#endgroup

# Clock net "i_hk/dna_clk" driven by instance "i_hk/dna_clk_reg" located at site "SLICE_X15Y42"
#startgroup
create_pblock {CLKAG_i_hk/dna_clk}
add_cells_to_pblock [get_pblocks  {CLKAG_i_hk/dna_clk}] [get_cells -filter { PRIMITIVE_GROUP != I/O && IS_PRIMITIVE==1 && PRIMITIVE_LEVEL !=INTERNAL } -of_object [get_pins -filter {DIRECTION==IN} -of_objects [get_nets -hierarchical -filter {PARENT=="i_hk/dna_clk"}]]]
resize_pblock [get_pblocks {CLKAG_i_hk/dna_clk}] -add {CLOCKREGION_X0Y0:CLOCKREGION_X0Y0}
#endgroup

# Clock net "i_ps/system_i/system_i/processing_system7_0/inst/FCLK_CLK0" driven by instance "i_ps/system_i/system_i/processing_system7_0/inst/buffer_fclk_clk_0.FCLK_CLK_0_BUFG" located at site "BUFGCTRL_X0Y1"
#startgroup
create_pblock {CLKAG_i_ps/system_i/system_i/processing_system7_0/inst/FCLK_CLK0}
add_cells_to_pblock [get_pblocks  {CLKAG_i_ps/system_i/system_i/processing_system7_0/inst/FCLK_CLK0}] [get_cells -filter { PRIMITIVE_GROUP != I/O && IS_PRIMITIVE==1 && PRIMITIVE_LEVEL !=INTERNAL } -of_object [get_pins -filter {DIRECTION==IN} -of_objects [get_nets -hierarchical -filter {PARENT=="i_ps/system_i/system_i/processing_system7_0/inst/FCLK_CLK0"}]]]
resize_pblock [get_pblocks {CLKAG_i_ps/system_i/system_i/processing_system7_0/inst/FCLK_CLK0}] -add {CLOCKREGION_X0Y0:CLOCKREGION_X0Y0 CLOCKREGION_X0Y1:CLOCKREGION_X0Y1 CLOCKREGION_X1Y0:CLOCKREGION_X1Y0}
#endgroup
